I'm sorry, but errors were detected in your script. Please correct the
errors listed below, and try again.


File "game/Chapters/amberchapte.rpy", line 5: expected 'label_name' not found.
    call 
        ^

Ren'Py Version: Ren'Py 8.3.4.24120703
Mon Feb  3 01:24:57 2025
